// Jest Snapshot v1, https://goo.gl/fbAQLP

exports[`StartOfTheGame test renders correctly 1`] = `
<div>
  <img
    alt="image0"
    className="img"
    src="test-file-stub"
  />
  <div
    className="word"
  />
  <div
    className="wrongLetters"
  >
    <div />
  </div>
  <div
    className="winner-container"
  >
    <div
      className="winner"
    >
      <h2>
        Game over! You win!
      </h2>
      <button
        autoFocus={true}
        className="MuiButtonBase-root MuiButton-root MuiButton-contained MuiButton-containedPrimary MuiButton-sizeMedium MuiButton-containedSizeMedium MuiButton-root MuiButton-contained MuiButton-containedPrimary MuiButton-sizeMedium MuiButton-containedSizeMedium css-sghohy-MuiButtonBase-root-MuiButton-root"
        disabled={false}
        name="nemGameButton"
        onBlur={[Function]}
        onClick={[Function]}
        onContextMenu={[Function]}
        onDragLeave={[Function]}
        onFocus={[Function]}
        onKeyDown={[Function]}
        onKeyUp={[Function]}
        onMouseDown={[Function]}
        onMouseLeave={[Function]}
        onMouseUp={[Function]}
        onTouchEnd={[Function]}
        onTouchMove={[Function]}
        onTouchStart={[Function]}
        tabIndex={0}
        type="submit"
      >
         New Game
      </button>
    </div>
  </div>
</div>
`;
