// Jest Snapshot v1, https://goo.gl/fbAQLP

exports[`Word test renders correctly 1`] = `
<div
  className="word"
>
  <span
    className="letter"
  >
    s
  </span>
  <span
    className="letter"
  >
    _
  </span>
  <span
    className="letter"
  >
    _
  </span>
  <span
    className="letter"
  >
    _
  </span>
</div>
`;
